// Jest Snapshot v1, https://goo.gl/fbAQLP

exports[`<Card /> should match the snapshot given valid item 1`] = `
<div>
  <div>
    0
  </div>
</div>
`;
